  20% of each length: 45,514 words
  40% of each length: 91,033 words
  60% of each length: 136,555 words
  80% of each length: 182,074 words
  100% of each length: 227,601 words
  british-08-00
  british-08-01
  british-20-00
  british-20-01
  british-60-00
  british-60-01
  barred-08-00
  barred-08-01
  barred-20-00
  barred-20-01
  barred-60-00
  barred-60-01
  jumbo-08-00
  jumbo-08-01
  jumbo-20-00
  jumbo-20-01
  jumbo-60-00
  jumbo-60-01
  us-08-00
  us-08-01
  us-20-00
  us-20-01
  us-60-00
  us-60-01

style                    20%               40%               60%               80%              100%
british        0.605    100%     0.642    100%     0.651    100%     0.669    100%     0.686    100%
barred         0.033     42%     0.148     92%     0.237    100%     0.300    100%     0.293     92%
jumbo          0.619    100%     0.668     92%     0.731    100%     0.805    100%     0.714    100%
us             0.052     25%     0.094     25%     0.188     33%     0.156     33%     0.271     33%
